<xarray.Dataset>
Dimensions:  (x: 4, y: 4, z: 3)
Dimensions without coordinates: x, y, z
Data variables:
    a        (x, y, z) float64 -2.337 -14.32 -11.25 ... -14.16 9.111 -22.92
    b        (x, y, z) float64 -16.7 -4.614 -11.51 5.91 ... -10.44 -15.73 3.109
