- - tendencies
  - []
- - diagnostics
  - - - specific_humidity_limiter_active
      - 2888a7ab6c9ca9f7123ca142ed83806e
    - - total_sky_downward_longwave_flux_at_surface
      - 4286c7ffb54ee3dde01d1d0dc5fbfc92
    - - total_sky_downward_shortwave_flux_at_surface
      - 0fb009bdc316030e7cf3b247d38e80dc
- - states
  - - - total_sky_downward_longwave_flux_at_surface
      - 4286c7ffb54ee3dde01d1d0dc5fbfc92
    - - total_sky_downward_shortwave_flux_at_surface
      - 0fb009bdc316030e7cf3b247d38e80dc

