air_temperature: f307b18c39da7a4f71b75419d2f8f15f
area: f31fc363daec5c8e5f76f2762412deb5
cnvprcp_after_physics: 203e1f09f7ed285e735af2b29326cebe
cnvprcp_after_python: 203e1f09f7ed285e735af2b29326cebe
column_heating_due_to_machine_learning: 7d27e067ea6c9caf471c8adf8b2921b6
column_integrated_dQ1_change_non_neg_sphum_constraint: 7d27e067ea6c9caf471c8adf8b2921b6
column_integrated_dQ2_change_non_neg_sphum_constraint: 096c2562129932238ec8c28f6685da6f
column_integrated_dQu_stress: 59e80b83009fd27a37faeaca34e251ce
column_integrated_dQv_stress: 59e80b83009fd27a37faeaca34e251ce
dQ1: 117ab93619ffede553653f6b5934d8f8
dQ2: 4847486eba044c89a26f45e968eee03b
dQu: 8515c5532a0a926c0f2fffa6935e8745
dQv: 8515c5532a0a926c0f2fffa6935e8745
evaporation: d7e34367a3e6d72bec7c013f71d342a2
net_moistening_due_to_machine_learning: 55c5c8cbed7e14a6934f2f7c32153bb2
physics_precip: 2d9cf1897307772503c1b35e4584bdd1
pressure_thickness_of_atmospheric_layer: 35ecaaa970b53b84759d02322d4d5fe4
specific_humidity: 3950b1b66465f7347d7aeb37ded1b129
specific_humidity_limiter_active: a8a78528e7c0a0118ed64cba2253cab1
storage_of_mass_due_to_fv3_physics: 2896408aab68145266d99742e77e3f0b
storage_of_mass_due_to_python: e68b540332d952cc0d133434eeca8048
storage_of_specific_humidity_path_due_to_fv3_physics: 4f0a02f2093ee7de31fe4c2450f7def4
storage_of_specific_humidity_path_due_to_microphysics: af3f970c6f025eae56932ec9ab26f2dc
storage_of_specific_humidity_path_due_to_python: 96dfa530920983585bcabe360b3a97e6
storage_of_total_water_path_due_to_fv3_physics: 867c938abdb6ea2cd25805108ddae4dd
storage_of_total_water_path_due_to_python: b62b6b08632f00b1f4ed647bd700f615
tendency_of_air_temperature_due_to_fv3_physics: f93e6a270dd10d4cce59d6f4df657bfb
tendency_of_air_temperature_due_to_python: 117ab93619ffede553653f6b5934d8f8
tendency_of_eastward_wind_due_to_fv3_physics: e5c00c8f264adf797df7f850c80be7e7
tendency_of_eastward_wind_due_to_python: 117ab93619ffede553653f6b5934d8f8
tendency_of_northward_wind_due_to_fv3_physics: 07f8dfdac0ebadc74f4efccb126c0cce
tendency_of_northward_wind_due_to_python: 117ab93619ffede553653f6b5934d8f8
tendency_of_specific_humidity_due_to_fv3_physics: 556be1874a74d702f41127906d48739b
tendency_of_specific_humidity_due_to_python: becb217428ee07e54a7fcc65af3f1a71
total_precip_after_physics: 82c3504cf791a90140e4bfd3936ae584
total_precipitation_rate: dcc6cdbd8331ffef8761ee2b1100dd0f
water_vapor_path: 1f57358f99d3cb684ea6274d3af6a793
