area: 51eca4ed49c60e8af827ffedcb42aa5e
cnvprcp_after_physics: c9944e0ca16a7b5891f54fbd7a54f1da
evaporation: 70f0ded5dce4b3c5f84124094ee08c9e
physics_precip: 0e22e9e300250f3d2785eda1f206b96c
storage_of_internal_energy_path_due_to_fv3_physics: 1e05332f88e4a88a90bd6d30a21e7022
storage_of_mass_due_to_fv3_physics: dbefdb43a3a0fa78a9a58097ca2fd3e6
storage_of_specific_humidity_path_due_to_fv3_physics: 84358073c9a94fa42e669b59c118f66c
storage_of_specific_humidity_path_due_to_microphysics: 29557115ade4f7937688e3a3a6cd3242
storage_of_total_water_path_due_to_fv3_physics: 0e5c22e45674c53cebabd96f1c41cb75
tendency_of_air_temperature_due_to_fv3_physics: 02cd12f4af60ceb3373ccbfb2a8ce173
tendency_of_eastward_wind_due_to_fv3_physics: ba3e529b725b9c30204da0834b55a46b
tendency_of_internal_energy_due_to_fv3_physics: e860234687b3d918e7105fb378997a1d
tendency_of_northward_wind_due_to_fv3_physics: 57d631938902b682ddc8661ee30d8b8b
tendency_of_specific_humidity_due_to_fv3_physics: 084c103c1488585c81f99b6d62e11a69
total_precip_after_physics: 207765b44d118ff2b76ced38aa4cecd1
total_precipitation_rate: 0dbe5fccb8f1ebcaaf78c22983d4822c
water_vapor_path: 9282fb190c17adafbbeb6589148671c5
