air_temperature: 0c4459eefd9643fc3eadc387994958ff
area: 51eca4ed49c60e8af827ffedcb42aa5e
cnvprcp_after_physics: 6bf1ca57bc49f69ac48a2df7a3a43566
cnvprcp_after_python: 6bf1ca57bc49f69ac48a2df7a3a43566
column_heating_due_to_machine_learning: 4d5d9657fc40f0b00ff9b0cf04187d50
column_integrated_dQ1_change_non_neg_sphum_constraint: 4d5d9657fc40f0b00ff9b0cf04187d50
column_integrated_dQ2_change_non_neg_sphum_constraint: dae4ebb04b63272fc56a7090b6e43bbd
column_integrated_dQu_stress: 222a362070c5acc29b7ebfacf35fd4c3
column_integrated_dQv_stress: 222a362070c5acc29b7ebfacf35fd4c3
dQ1: 25a5f923ed2d08a229cc813b013e0aea
dQ2: 560261fe2af7e7be5a40c879bba62b17
dQu: 7e3cb929f4eb1ba42c13d3f1273d2a11
dQv: 7e3cb929f4eb1ba42c13d3f1273d2a11
evaporation: a57fa28a1fcfaa00d1c5a657cd84ef15
net_moistening_due_to_machine_learning: 47ee9abfb25a787d55f52e03e606f2ce
physics_precip: fed0479d156450e845c4c6705f1eb25d
pressure_thickness_of_atmospheric_layer: 7f7b78187e8249a8fae9a1025ad36dd6
specific_humidity: 6dac75cdd8f0f3707d35287b6b3fa16f
specific_humidity_limiter_active: e026d51721ed75936fca678fa06a4e30
storage_of_internal_energy_path_due_to_fv3_physics: 38d628a191e20923c0c6f2236f5b8407
storage_of_mass_due_to_fv3_physics: 92dcf0bb13c90f408acf2b2e1aef93ac
storage_of_mass_due_to_python: cfb39aef0babc749fabe5abe012f5f6e
storage_of_specific_humidity_path_due_to_fv3_physics: a9d44f6e32cda608ec98c3b132e1b00c
storage_of_specific_humidity_path_due_to_microphysics: 4d5d9657fc40f0b00ff9b0cf04187d50
storage_of_specific_humidity_path_due_to_python: 6ac037c3e076b66668684a58cc54a294
storage_of_total_water_path_due_to_fv3_physics: 5bff12e1fb97e8b04e97f2cb593773db
storage_of_total_water_path_due_to_python: 5546f841fe2cf2c56bd5e215b9fe8fcf
tendency_of_air_temperature_due_to_fv3_physics: a3505f503b69a821b87221401705d126
tendency_of_air_temperature_due_to_python: 25a5f923ed2d08a229cc813b013e0aea
tendency_of_eastward_wind_due_to_fv3_physics: 3461a2c3ce910242ffff6e7b960e4ab9
tendency_of_eastward_wind_due_to_python: 25a5f923ed2d08a229cc813b013e0aea
tendency_of_internal_energy_due_to_fv3_physics: 9b7b6dae1221645855d1cdfa01ed97d3
tendency_of_northward_wind_due_to_fv3_physics: 7b666bec70f79dd5ef77d99b5600a72a
tendency_of_northward_wind_due_to_python: 25a5f923ed2d08a229cc813b013e0aea
tendency_of_specific_humidity_due_to_fv3_physics: b894dc6afc503a3ef07bd1b9c11f74a6
tendency_of_specific_humidity_due_to_python: ba6583c92ddf7384c176ba3ebdc04899
tendency_of_x_wind_due_to_python: 6ead5eaf26afae94961b817e168f0085
tendency_of_y_wind_due_to_python: db82b550de9f2007d6dc096b8bced282
total_precip_after_physics: b07c97f2881680818c4cc7debf88d575
total_precipitation_rate: c8dbc7576892cfe3501042641b213a35
water_vapor_path: 4f1354b813ccdc960a81826a2ec56892
