some_diag 8cbe81fbb51f1acc71f84e06b5fafdd4
storage_of_mass_due_to_machine_learning fcc46bebe36ea131688f8e15700e18d4
tendency_of_air_temperature_due_to_machine_learning a05dbea525b563eb5c0eaa9d10939bfc
tendency_of_internal_energy_due_to_machine_learning 99990b8e751d28a78dd2c3f4546ed97c
tendency_of_specific_humidity_due_to_machine_learning 0437557cc845e0f1b0f1bfdf0b59b17f
