- - dycore_tendencies
  - - - dQ1
      - 3d480f027a2bfdac6a6b541db6a33c11
    - - dQ2
      - 15882fafc5c05cf2951d4087e89afa87
- - physics_tendencies
  - - - dQu
      - 3d480f027a2bfdac6a6b541db6a33c11
    - - dQv
      - 3d480f027a2bfdac6a6b541db6a33c11
- - diagnostics
  - - - column_integrated_dQ1_change_non_neg_sphum_constraint
      - fcc46bebe36ea131688f8e15700e18d4
    - - column_integrated_dQ2_change_non_neg_sphum_constraint
      - fcc46bebe36ea131688f8e15700e18d4
- - rank_updated_points
  - 261cfa795cd717bb3a4b2bde266ba20a

