some_diag 0b0a9008ecec306ce21cef94196b8399
storage_of_mass_due_to_add_one 00c9935733a45000e0c5c8d9b1833f21
storage_of_mass_due_to_override 00c9935733a45000e0c5c8d9b1833f21
tendency_of_air_temperature_due_to_add_one a98d20e04817a73a6ed0360d5c145cf1
tendency_of_air_temperature_due_to_override bb514b470c45b6b1dd05ee119aea4399
