air_temperature_reference: a8c8caa07cc18f50daf01ada9119060d
air_temperature_tendency_due_to_nudging: 38742808a1aa909af015c1a61c086fc2
area: 9020a0fe939492ae081fdb601e23aa85
cnvprcp_after_physics: bb0ac7ace94ed2dbc0e4d95d29b88584
cnvprcp_after_python: bb0ac7ace94ed2dbc0e4d95d29b88584
column_heating_due_to_nudging: e0fa79dbfb249c0cbbd182e81fd36562
evaporation: c30f2d3b31ae89ad1ddcdb7c8fd90927
net_moistening_due_to_nudging: 6e2b20063d956f0addd960ad6e48de67
physics_precip: 3698cad8638e51f22b72a22a3921815d
specific_humidity_reference: 5c947824442db0278f7ea0fbfed8dc92
specific_humidity_tendency_due_to_nudging: 13d85cace344dc0b5f71898120a9a9cb
storage_of_internal_energy_path_due_to_python: f565eafaca99b4679ea5d23fe31416e9
storage_of_mass_due_to_fv3_physics: 8e04889d54425421e32314e76c02a381
storage_of_mass_due_to_python: cddc976e988b8f42154009b1b8f7e980
storage_of_specific_humidity_path_due_to_fv3_physics: 993d9a0f2654a5803e7c1eea80b7c1e7
storage_of_specific_humidity_path_due_to_python: 4eb09e9ebdc33c5dae63e4c66d372acd
storage_of_total_water_path_due_to_fv3_physics: c40dd7dc256c2a5688ad900d2529c67b
storage_of_total_water_path_due_to_python: 6cbda4c6f176929885d5d5a08273f816
surface_temperature_reference: 6870d711cda789d60123a3498970f8b5
tendency_of_air_temperature_due_to_fv3_physics: fdc7328c9e5d3340c422ade8ca275c9b
tendency_of_air_temperature_due_to_python: 286f5e811f8ce5f8b8b94aa0f92f0d14
tendency_of_air_temperature_due_to_tendency_prescriber: 065a1a25dffdc4e53f42faf3bebc0178
tendency_of_eastward_wind_due_to_fv3_physics: d35e503b48c32c996bf5046074a75317
tendency_of_eastward_wind_due_to_python: 25a5f923ed2d08a229cc813b013e0aea
tendency_of_internal_energy_due_to_python: 082cda61c34de0ea05a1345c60a5f16a
tendency_of_northward_wind_due_to_fv3_physics: 4339c9fa9a47d38982dfb5185bd37275
tendency_of_northward_wind_due_to_python: 25a5f923ed2d08a229cc813b013e0aea
tendency_of_specific_humidity_due_to_fv3_physics: d771cd18bb46c12a330b98de4106f006
tendency_of_specific_humidity_due_to_python: 0460a48ca486b6b12e09b81b14fdb893
total_precip_after_physics: b948dd9f9de7eeb70b626c8bdf88b11c
total_precipitation_rate: 85449b0dc038ee933f5709ec4cc7212e
water_vapor_path: b196591bf5d791997e035c1b01bc6f85
