air_temperature: 41ccaafb84a9f1b3e2195eb703974c5c
area: f672e2d555d61777324a730a427f4c22
cnvprcp_after_physics: 0e2e6a12d66a72a91d09fca46fd2e478
cnvprcp_after_python: 0e2e6a12d66a72a91d09fca46fd2e478
column_integrated_dQ1_change_non_neg_sphum_constraint: 7d27e067ea6c9caf471c8adf8b2921b6
column_integrated_dQ2_change_non_neg_sphum_constraint: 7d27e067ea6c9caf471c8adf8b2921b6
column_integrated_dQu: 7d27e067ea6c9caf471c8adf8b2921b6
column_integrated_dQv: 7d27e067ea6c9caf471c8adf8b2921b6
dQ1: 117ab93619ffede553653f6b5934d8f8
dQ2: 117ab93619ffede553653f6b5934d8f8
dQu: 117ab93619ffede553653f6b5934d8f8
dQv: 117ab93619ffede553653f6b5934d8f8
evaporation: 5b04e6da97fd591c64924712b1da459a
net_heating_due_to_ml: 7d27e067ea6c9caf471c8adf8b2921b6
net_moistening_due_to_ml: 7d27e067ea6c9caf471c8adf8b2921b6
physics_precip: b2889d9a0a6d851c39cc3065746c048a
pressure_thickness_of_atmospheric_layer: ebf589c13297d600ae6b5e43ba32a1fd
specific_humidity: 779306c4fedb5d53a0be289de2ee9691
specific_humidity_limiter_active: 117ab93619ffede553653f6b5934d8f8
storage_of_mass_due_to_fv3_physics: dc034a02579e83b31a9530c5e00def20
storage_of_mass_due_to_python: ab118e10e84dbd2aa8ba2cba51715fe4
storage_of_specific_humidity_path_due_to_fv3_physics: 5fd29a17c2dbe94e099413602b16ae57
storage_of_specific_humidity_path_due_to_microphysics: 5582ba44b4fcb99dd2554ca7830bf6f6
storage_of_specific_humidity_path_due_to_python: 397829937b6dd26dc02757260d6a5e26
storage_of_total_water_path_due_to_fv3_physics: e8ef05e8084ba5ae8b33867229d86c80
storage_of_total_water_path_due_to_python: f87a0d9507ba54ba3527611e6cf2a1cd
tendency_of_air_temperature_due_to_fv3_physics: 7614b804d60ab7a685cc1121b8eae28a
tendency_of_air_temperature_due_to_python: 117ab93619ffede553653f6b5934d8f8
tendency_of_eastward_wind_due_to_fv3_physics: ec1a253d24e3efccb0b4f14844dbdaa7
tendency_of_eastward_wind_due_to_python: 117ab93619ffede553653f6b5934d8f8
tendency_of_northward_wind_due_to_fv3_physics: df3b07302626c25f8ece43dcb0b813b2
tendency_of_northward_wind_due_to_python: 117ab93619ffede553653f6b5934d8f8
tendency_of_specific_humidity_due_to_fv3_physics: 5beaa54082f32d31084bd6094cf2c5ee
tendency_of_specific_humidity_due_to_python: 117ab93619ffede553653f6b5934d8f8
total_precip_after_physics: 4d5478d797792d4a9e0143b69848ea2b
total_precipitation_rate: 453e6df408f2fe0d065c6f172dad037e
water_vapor_path: 9c1078394f789740653c773275c59882
