air_temperature_reference: a8c8caa07cc18f50daf01ada9119060d
air_temperature_tendency_due_to_nudging: 64d481b4f39ac52a70bdbe261be5bd43
area: 51eca4ed49c60e8af827ffedcb42aa5e
cnvprcp_after_physics: aaa20fb7efab483abb9db32792f3788f
cnvprcp_after_python: aaa20fb7efab483abb9db32792f3788f
column_heating_due_to_nudging: 6f0533f5cac179b936d9180d80429a14
evaporation: adf33244877c03b783a5b525f69087fa
net_moistening_due_to_nudging: 900d80c8d04f4489bd050cc10158b1ff
physics_precip: f05a92de8b1357e2be73b8b07fde85a0
specific_humidity_reference: 5c947824442db0278f7ea0fbfed8dc92
specific_humidity_tendency_due_to_nudging: 642ac7a379523cfe3c95202794bcc7c5
storage_of_internal_energy_path_due_to_python: 60becb83947a61dadc3258280e9554bf
storage_of_mass_due_to_fv3_physics: dede35ad8264839474924ae0cae69873
storage_of_mass_due_to_python: 03fbe4e658b300f6aee7ba90d19e2767
storage_of_specific_humidity_path_due_to_fv3_physics: 1f918f9802263be8447759dcd5ee44f3
storage_of_specific_humidity_path_due_to_microphysics: f5d15ce458cb3bd61fa097bb44a09bb7
storage_of_specific_humidity_path_due_to_python: 0b8e6ac482a9f856af9b7cb3a5da4a1d
storage_of_total_water_path_due_to_fv3_physics: b58382f585ce8c2f82724144cd0cb1a2
storage_of_total_water_path_due_to_python: 7cb2f03ee1beaa88eb0ce979d3ee1ae3
surface_temperature_reference: 6870d711cda789d60123a3498970f8b5
tendency_of_air_temperature_due_to_fv3_physics: 4f0702f23a423b9b27eafde6c863ca05
tendency_of_air_temperature_due_to_python: 9b80f5d4f1d4340e9c63cbeb967868c6
tendency_of_air_temperature_due_to_tendency_prescriber: 8fb7d1d850ac2727a1711141dcef777a
tendency_of_eastward_wind_due_to_fv3_physics: c246e2414dcd542426c552cd14a5d05b
tendency_of_eastward_wind_due_to_python: 25a5f923ed2d08a229cc813b013e0aea
tendency_of_internal_energy_due_to_python: 7c63edbcbc080ded4e26840c5c3a88a3
tendency_of_northward_wind_due_to_fv3_physics: 30f92a5fc835a8146e66be403116c0be
tendency_of_northward_wind_due_to_python: 25a5f923ed2d08a229cc813b013e0aea
tendency_of_specific_humidity_due_to_fv3_physics: 53d72a645a83d36f71d32376619f6ae4
tendency_of_specific_humidity_due_to_python: 7efe0d23794e73ce50684fa0c75eea58
total_precip_after_physics: 182bbdd6451efee20794cda595c093e4
total_precipitation_rate: ca9dd6c35a779d686cf0300295088f93
water_vapor_path: 6290b0a2c7d00d8fc33accf3aba51707
