some_diag 94b43027b7cb6938c4a5f6295e2589b1
storage_of_mass_due_to_add_one d4abb6b08c95affdedc7e4ce049827f9
storage_of_mass_due_to_tendency_prescriber d4abb6b08c95affdedc7e4ce049827f9
tendency_of_air_temperature_due_to_add_one 464d7e9ff52743209932a8cfa102f39f
tendency_of_air_temperature_due_to_tendency_prescriber 6ab7febe02ae793bb81a43210ec1d45a
