area: 51eca4ed49c60e8af827ffedcb42aa5e
cnvprcp_after_physics: 3c1d378be93048aa4c616310307c265d
evaporation: 7a780e75faa6c33fce1d6d69ad33ba3d
physics_precip: 6ced5b82629c88de88a6558d970ffc4e
storage_of_internal_energy_path_due_to_fv3_physics: 31afb571e6dc1c61dedf60c169615913
storage_of_mass_due_to_fv3_physics: 20db082e517601aa10da0f7123138e13
storage_of_specific_humidity_path_due_to_fv3_physics: 7c93387a3328bd6a6c88e0be0fa82e2c
storage_of_specific_humidity_path_due_to_microphysics: b702a44f1524da4b3e550e2c00d159c0
storage_of_total_water_path_due_to_fv3_physics: c1e863b81932ec1437a86858559c9aef
tendency_of_air_temperature_due_to_fv3_physics: 06e9680998b3ad5abced79f85f8d4957
tendency_of_eastward_wind_due_to_fv3_physics: 50af546fe6528c20f48580d3a2ca7673
tendency_of_internal_energy_due_to_fv3_physics: f20081418da59f099034144958938373
tendency_of_northward_wind_due_to_fv3_physics: dfe8bbe158ba47446bd77be2ea899e35
tendency_of_specific_humidity_due_to_fv3_physics: 39199f8b3d02e5db3e6b7f13edc8a2f4
total_precip_after_physics: ea1a76fb35674ecd53aaf1f65e96de94
total_precipitation_rate: 33d3bc207c3219bf66e573d56645b092
water_vapor_path: 6f23ca222f7aafdc1aeeaf68a8ba15b1
