accumulated_x_courant_number d8e240d6051b6989d649c9d801fa5ce0
accumulated_x_mass_flux 78d7bbd05e535379f567d4c1a4f1dd68
accumulated_y_courant_number 46487434ec6e4a9161ada0a2c4258090
accumulated_y_mass_flux 6e57095c43b1cd49bf4e683402011731
air_temperature 2ef20f383fc58d3c0280a70ae0bfed49
air_temperature_after_physics d32e9479916f5343b8d8e99163b6cd81
air_temperature_at_2m 93189c5f15db009b5d1852b1446e90a8
area_of_grid_cell 730cafe4b44079e1752b3599d3ef7575
atmosphere_hybrid_a_coordinate 448c691d6f2f72d52d71347cfa1c0ebb
atmosphere_hybrid_b_coordinate 59163fb88e42052b0c6fbd5e2691a65e
canopy_water 0ca575c71f3e9125e63ddcf4cdf78f78
clear_sky_downward_longwave_flux_at_surface c748953ce040190fb68ac2beff0a57b1
clear_sky_downward_shortwave_flux_at_surface 036acbcbe423468c3a61b44b417cb6da
clear_sky_upward_longwave_flux_at_surface 0b094e821b97df30b822965c3745155c
clear_sky_upward_longwave_flux_at_top_of_atmosphere 9070d1287eb49b704fa0cb3e35b2a1eb
clear_sky_upward_shortwave_flux_at_surface 036acbcbe423468c3a61b44b417cb6da
clear_sky_upward_shortwave_flux_at_top_of_atmosphere 036acbcbe423468c3a61b44b417cb6da
cloud_amount 335d6dcd7eb30a99b1a98a1a3468fca2
cloud_ice_mixing_ratio d4793ced39fed4d2c47d1870536734a4
cloud_water_mixing_ratio c61b90a8e859620a686d72ce908c21aa
convective_cloud_bottom_pressure 036acbcbe423468c3a61b44b417cb6da
convective_cloud_fraction 036acbcbe423468c3a61b44b417cb6da
convective_cloud_top_pressure 036acbcbe423468c3a61b44b417cb6da
cos_zenith_angle f458777057a1dac1dcabaeccbb09d481
deep_soil_temperature c47d11e4610f7c2985bf523c1ad3fc47
dissipation_estimate_from_heat_source e305dd8f07f4fc9e68d4c2efe5994f63
eastward_wind 37f60490010060d52753aaefd5bc2970
eastward_wind_after_physics 355e65c61e37cdd0d8e1fe787d12efe0
eastward_wind_at_surface 3c9ad9f79812accdd074cc581e28d823
evaporation 435a6571474f7b3076795683dbb61c08
fh_parameter c2416ca40d5773e59dd5df8f2b6d02a7
fm_at_10m 5b6cf7796c0e64d4758ce62ac59e81f6
fm_parameter a53537350516bb32fd5fe353b9a10b12
fractional_coverage_with_strong_cosz_dependency 289c5daff5a739e181211943e50fb693
fractional_coverage_with_weak_cosz_dependency 4635cb2b03c5fa080ed14d4d4488db87
friction_velocity f97bdb2a4210fa1fbcf16f7ad096fa92
graupel_mixing_ratio abffb9ebf88072f8782d0bb6fb09864f
ice_fraction_over_open_water 036acbcbe423468c3a61b44b417cb6da
interface_pressure 94a6f6197a7aed920d3dae2aa918df42
interface_pressure_raised_to_power_of_kappa 10964c2db29185e5ced668b441f61f09
land_sea_mask 0803c7b71702e3d204a2adff11ad2bd3
land_surface_temperature 031689915cf676e8df3051e9ff845788
latent_heat_flux ad95faf8073cd26d0be4cf7d0abd7c5f
latitude a32966cfa6c4619564e8a80572070d4b
layer_mean_pressure_raised_to_power_of_kappa 8a2a232a0bf43af4f39ef4e9c4410991
liquid_soil_moisture 572c88452d7258f7f02ab6a0a0118a3d
logarithm_of_interface_pressure aa820210a25b76ecf0e9d37bb405d478
longitude 230b12c7e20bf84803437aa0913fdd61
maximum_fractional_coverage_of_green_vegetation 66f415692412ac86058a836186088344
maximum_snow_albedo_in_fraction 022812bc12dbd3f8153fc8532eb861de
mean_cos_zenith_angle 036acbcbe423468c3a61b44b417cb6da
mean_near_infrared_albedo_with_strong_cosz_dependency 75a207a27e0c8f5326101a3f0cb69a6b
mean_near_infrared_albedo_with_weak_cosz_dependency 657ea13549685727dbe52fedf301651f
mean_visible_albedo_with_strong_cosz_dependency 8463f9874a862e5c71184e4023082439
mean_visible_albedo_with_weak_cosz_dependency 20768ffce38602057965d82fe2836b8b
minimum_fractional_coverage_of_green_vegetation 454d53197d335d8f670033f949c1db6d
northward_wind 127e4f2e7a2a01354410a6db14cb8551
northward_wind_after_physics de4fffd9b7db49d4b00eaea421eec1df
northward_wind_at_surface 114db718a709571bd0843f8897e455e2
ocean_surface_temperature 3b84a6c474cb4c3cf6a61ab9c29bc85c
ozone_mixing_ratio 137559c73b79aec26a33cbe08c443ea8
pressure_thickness_of_atmospheric_layer da12de70e35aa93947c66e4fe3bcd258
rain_mixing_ratio 48a8b9cceb4950523444076eebf65922
sea_ice_thickness 036acbcbe423468c3a61b44b417cb6da
sensible_heat_flux 0ae5a4b34f91e123a05c1a662cb82b5c
snow_cover_in_fraction 036acbcbe423468c3a61b44b417cb6da
snow_depth_water_equivalent 036acbcbe423468c3a61b44b417cb6da
snow_mixing_ratio 2962038863f3da0c97d88072a24c498c
snow_rain_flag 036acbcbe423468c3a61b44b417cb6da
soil_temperature 36563492ee07f21059903fba16964539
soil_type 9c864af45c4c15fad6e393f9e57f2747
specific_humidity 7adcb91ffc7469fc129c6b3a247cfcb1
specific_humidity_at_2m 6ca985eb929c8d3f24b585f0f33177fd
surface_geopotential d426df12afc4b0f913e51bb44f0d87c9
surface_pressure 93dc7845c1c169c3511d02c0f1a8ddc7
surface_roughness 509f557520b7f59468b1f272961b363d
surface_slope_type c2e94f105de64c126f32abe3ddefdee4
surface_temperature 031689915cf676e8df3051e9ff845788
surface_temperature_over_ice_fraction 031689915cf676e8df3051e9ff845788
total_condensate_mixing_ratio 1735f910655840737e57ccc0f8cb60b2
total_precipitation 036acbcbe423468c3a61b44b417cb6da
total_sky_downward_longwave_flux_at_surface b1d389164bf0de6b0c6382360f3b396a
total_sky_downward_shortwave_flux_at_surface 036acbcbe423468c3a61b44b417cb6da
total_sky_downward_shortwave_flux_at_top_of_atmosphere 036acbcbe423468c3a61b44b417cb6da
total_sky_upward_longwave_flux_at_surface 996bddbfbe54c415b898651581456355
total_sky_upward_longwave_flux_at_top_of_atmosphere 30440572181fc5515a23ab933814c9b0
total_sky_upward_shortwave_flux_at_surface 036acbcbe423468c3a61b44b417cb6da
total_sky_upward_shortwave_flux_at_top_of_atmosphere 036acbcbe423468c3a61b44b417cb6da
total_soil_moisture 572c88452d7258f7f02ab6a0a0118a3d
total_water 9b049528fc89a027036aca8d99554043
vegetation_fraction 49cfa474150b0f059ec7ccdc834c0894
vegetation_type ff691aa48c5a6a3cd5e9f15341d28102
vertical_pressure_velocity 498f1a5d2ff96100c71f81de46045dc3
vertical_thickness_of_atmospheric_layer 7ee6c48a9affd1ad17c98d965ad7e176
vertical_wind 703a83e07aeef63d8ef8d89df6ddaa44
water_equivalent_of_accumulated_snow_depth 036acbcbe423468c3a61b44b417cb6da
x_wind d679c87246478bd14c525595729c8a5f
x_wind_on_c_grid 948ebe2bf682da5da4b8a1d79da4c6f4
y_wind 049dd6ad594bb20efc65658e869d14ac
y_wind_on_c_grid 6a485abce16d191d2444f96ae6113a98
