- - tendencies
  - []
- - diagnostics
  - - - downward_longwave
      - 05b81bc8a3653f45e6343f54575fa1a9
    - - downward_shortwave
      - 2629711def7511e9821d7607a95e1dec
    - - net_shortwave
      - de78311f51b3a88b5fdbd1f32b2edcb5
- - states
  - - - downward_longwave
      - 05b81bc8a3653f45e6343f54575fa1a9
    - - downward_shortwave
      - 2629711def7511e9821d7607a95e1dec
    - - net_shortwave
      - de78311f51b3a88b5fdbd1f32b2edcb5

