[('accumulated_x_courant_number', 'e91a0443005c9c5c666a7447df3b1895'), ('accumulated_x_mass_flux', '3a87fcd8d37e47af0183a70298b923ce'), ('accumulated_y_courant_number', 'a65beaaa737dfaf87f054e28c0cdb908'), ('accumulated_y_mass_flux', '254e234c22fee0ab4556ee3d9e333159'), ('air_temperature', '515c19e4205fa29f68cc5a85c97e9424'), ('air_temperature_after_physics', '7d391a7f14d26ba53175286a2b6157ef'), ('air_temperature_at_2m', '7e360ae51cbf45d259cf850c1b4e40a6'), ('area_of_grid_cell', 'd02b2b99d4bf1f6d80e533663b7cc651'), ('atmosphere_hybrid_a_coordinate', '57985dc7ce158c755f584f955d6aadbe'), ('atmosphere_hybrid_b_coordinate', '76910435706863a3826e26161273a583'), ('canopy_water', '515c5ada413496feccbacabd80f00f3e'), ('clear_sky_downward_longwave_flux_at_surface', '28105671cd28e3f847a7842f04af6cac'), ('clear_sky_downward_shortwave_flux_at_surface', 'fcc46bebe36ea131688f8e15700e18d4'), ('clear_sky_upward_longwave_flux_at_surface', 'dfb6b24efbd28a4a30e554d3a1ff75fa'), ('clear_sky_upward_longwave_flux_at_top_of_atmosphere', '0c0572cbfc7f04a39e8a328b996901cb'), ('clear_sky_upward_shortwave_flux_at_surface', 'fcc46bebe36ea131688f8e15700e18d4'), ('clear_sky_upward_shortwave_flux_at_top_of_atmosphere', 'fcc46bebe36ea131688f8e15700e18d4'), ('cloud_amount', '5265c9313b5b9c746ca96ce5f7b1065f'), ('cloud_ice_mixing_ratio', '7697899ead1b41321efd15bc725cb226'), ('cloud_water_mixing_ratio', '4cfc9ff938875ba394f521a5b699bb29'), ('convective_cloud_bottom_pressure', 'fcc46bebe36ea131688f8e15700e18d4'), ('convective_cloud_fraction', 'fcc46bebe36ea131688f8e15700e18d4'), ('convective_cloud_top_pressure', 'fcc46bebe36ea131688f8e15700e18d4'), ('cos_zenith_angle', '98b51f1cf19b99b9c8180d8bc70fe78e'), ('deep_soil_temperature', 'd69da668dfb51057d4c13aa155f52040'), ('dissipation_estimate_from_heat_source', '1af3136efeec9220cec21aa449003120'), ('eastward_wind', '6adcf5835d97ac9548d68ad6a8436e02'), ('eastward_wind_after_physics', 'c653fca462a5a6d190a3d878fe53d598'), ('eastward_wind_at_surface', '1af6db2c5227c349f8c17c61a1904e91'), ('evaporation', '90a80bdba958adc6ddcb4634aad890c7'), ('fh_parameter', 'f8aa5afd85d5aa7a024c6b460ad43d8f'), ('fm_at_10m', '61b85881ea32f859fb0d509afff86158'), ('fm_parameter', '6fcda55c9ac1a918ad45b0a5d6664a36'), ('fractional_coverage_with_strong_cosz_dependency', 'd2a424445602c9aa05bcea6e33f21dcf'), ('fractional_coverage_with_weak_cosz_dependency', 'ce227eedc266fa5ff978ba37d9a63282'), ('friction_velocity', '45f12cd5d129b15cffc1810c74af3567'), ('graupel_mixing_ratio', '794936d4022e97830ba9ee9bf891f769'), ('ice_fraction_over_open_water', 'fcc46bebe36ea131688f8e15700e18d4'), ('interface_pressure', '0eb26eb08f9effdea2b2714a0898da33'), ('interface_pressure_raised_to_power_of_kappa', '2ee9bd53f6a0ea920a3188f1d89ed495'), ('land_sea_mask', '03228ed5d37265dfe7f26e9ffe31789b'), ('land_surface_temperature', '109404bfeb5077ef2cedca6f7a6c205b'), ('latent_heat_flux', '8c29d13f6b871953877599887ac0e31c'), ('latitude', 'c9f522dfb2d57a7fe0169544e1f6d12f'), ('layer_mean_pressure_raised_to_power_of_kappa', '39b70beb418e866e3bb330c05dc45745'), ('liquid_soil_moisture', '0ac14d05e106e46633a0be406a8919fe'), ('logarithm_of_interface_pressure', '29c1295bfd3644708782099d86fb512e'), ('longitude', 'e7719e7da160612144198d78daf53b59'), ('maximum_fractional_coverage_of_green_vegetation', 'd37c1951c9c91af2f133c395ca67f5dc'), ('maximum_snow_albedo_in_fraction', '28253e1df62985bb7ca8453a0b6def0b'), ('mean_cos_zenith_angle', 'fcc46bebe36ea131688f8e15700e18d4'), ('mean_near_infrared_albedo_with_strong_cosz_dependency', '1f9f2d6a6074be4e2b6064ee4951791f'), ('mean_near_infrared_albedo_with_weak_cosz_dependency', 'c1a3543c2727ee5458dce4db4c93b8c5'), ('mean_visible_albedo_with_strong_cosz_dependency', 'da1f2eecc102c475317bcbc2c04c4410'), ('mean_visible_albedo_with_weak_cosz_dependency', '84e7f6bb69634cb4e43cd479400c4e8f'), ('minimum_fractional_coverage_of_green_vegetation', '4ea0cb743b7530e89db38c7a5a9a0a87'), ('northward_wind', '02d7f1c08a730a886e84ff0494afd54b'), ('northward_wind_after_physics', '3e1363a7bcebc8fd321bb0c403e07bc5'), ('northward_wind_at_surface', 'b0fafc6e3c011008494fdea02f37527e'), ('ocean_surface_temperature', '55698e5705d6dfb66bc16cab08eff7d2'), ('ozone_mixing_ratio', 'cc25584b13edd8156e8ad30f3516426c'), ('pressure_thickness_of_atmospheric_layer', '073c70929668a911097bf41a230b406c'), ('rain_mixing_ratio', '9894edc73c1871ad1856aa71a428143f'), ('sea_ice_thickness', 'fcc46bebe36ea131688f8e15700e18d4'), ('sensible_heat_flux', '1b71a873cc2f5e9c9ca779580c063c88'), ('snow_cover_in_fraction', 'fcc46bebe36ea131688f8e15700e18d4'), ('snow_depth_water_equivalent', 'fcc46bebe36ea131688f8e15700e18d4'), ('snow_mixing_ratio', '457760d2265d74b4e91f1ef38e4f9bf4'), ('snow_rain_flag', 'fcc46bebe36ea131688f8e15700e18d4'), ('soil_temperature', '6daf332b958d697c1cac2ffe5056a074'), ('soil_type', 'bd3f4bdd841f287638ae12964f452246'), ('specific_humidity', '8cbe81fbb51f1acc71f84e06b5fafdd4'), ('specific_humidity_at_2m', '83880e18db7656a056bb5be256d4c3b5'), ('surface_geopotential', '5b509afb82ee0981bdf6906424740de1'), ('surface_pressure', 'a75baeccf9bc7c25c4dea3b436ab5bbd'), ('surface_roughness', 'd905403ab77f81efbf54d25efe52cf2d'), ('surface_slope_type', '740b5f37c5a1ed7ad2c2a6e330e22031'), ('surface_temperature', '109404bfeb5077ef2cedca6f7a6c205b'), ('surface_temperature_over_ice_fraction', '109404bfeb5077ef2cedca6f7a6c205b'), ('total_condensate_mixing_ratio', 'c9669087f47de23ea1f66bbc5f9315d5'), ('total_precipitation', 'fcc46bebe36ea131688f8e15700e18d4'), ('total_sky_downward_longwave_flux_at_surface', 'dd64c7079b3b80479dc6a2c17143c3de'), ('total_sky_downward_shortwave_flux_at_surface', 'fcc46bebe36ea131688f8e15700e18d4'), ('total_sky_downward_shortwave_flux_at_top_of_atmosphere', 'fcc46bebe36ea131688f8e15700e18d4'), ('total_sky_upward_longwave_flux_at_surface', 'bcd5e4570e27e9c901429fe3f8f5e7a2'), ('total_sky_upward_longwave_flux_at_top_of_atmosphere', 'dd28e19ef0ecdfbbb857ef2c760e9a2c'), ('total_sky_upward_shortwave_flux_at_surface', 'fcc46bebe36ea131688f8e15700e18d4'), ('total_sky_upward_shortwave_flux_at_top_of_atmosphere', 'fcc46bebe36ea131688f8e15700e18d4'), ('total_soil_moisture', '0ac14d05e106e46633a0be406a8919fe'), ('total_water', 'bc8d248e5ec5df737ecd201077b7c5b8'), ('vegetation_fraction', '97471c1f0aa14820427160ec3133774b'), ('vegetation_type', '72cb1726113c35e3dd1b83e1b62ce287'), ('vertical_pressure_velocity', '6501899ce50a0209f39fbfbf80596485'), ('vertical_thickness_of_atmospheric_layer', '2eaa16f0c462d623a38b1885e068359d'), ('vertical_wind', 'eeaacdd7c4b3548686aa19cb3617876d'), ('water_equivalent_of_accumulated_snow_depth', 'fcc46bebe36ea131688f8e15700e18d4'), ('x_wind', '6852a070f18aab508269f53199609ae2'), ('x_wind_on_c_grid', '0685591da812b682eab4f4f2f87144a3'), ('y_wind', '6114518837a2f9e38e3c7cdc213c60a1'), ('y_wind_on_c_grid', '390f3391c6d46582c0cc5b60b1a1df53')]
