{'initial_conditions': [{'source_location': 'some/url/20160801.000000', 'source_name': '20160801.000000.fv_core.res.tile1.nc', 'target_location': 'INPUT', 'target_name': 'fv_core.res.tile1.nc', 'copy_method': 'copy'}, {'source_location': 'some/url/20160801.000000', 'source_name': '20160801.000000.fv_core.res.tile2.nc', 'target_location': 'INPUT', 'target_name': 'fv_core.res.tile2.nc', 'copy_method': 'copy'}, {'source_location': 'some/url/20160801.000000', 'source_name': '20160801.000000.fv_core.res.tile3.nc', 'target_location': 'INPUT', 'target_name': 'fv_core.res.tile3.nc', 'copy_method': 'copy'}, {'source_location': 'some/url/20160801.000000', 'source_name': '20160801.000000.fv_core.res.tile4.nc', 'target_location': 'INPUT', 'target_name': 'fv_core.res.tile4.nc', 'copy_method': 'copy'}, {'source_location': 'some/url/20160801.000000', 'source_name': '20160801.000000.fv_core.res.tile5.nc', 'target_location': 'INPUT', 'target_name': 'fv_core.res.tile5.nc', 'copy_method': 'copy'}, {'source_location': 'some/url/20160801.000000', 'source_name': '20160801.000000.fv_core.res.tile6.nc', 'target_location': 'INPUT', 'target_name': 'fv_core.res.tile6.nc', 'copy_method': 'copy'}, {'source_location': 'some/url/20160801.000000', 'source_name': '20160801.000000.sfc_data.tile1.nc', 'target_location': 'INPUT', 'target_name': 'sfc_data.tile1.nc', 'copy_method': 'copy'}, {'source_location': 'some/url/20160801.000000', 'source_name': '20160801.000000.sfc_data.tile2.nc', 'target_location': 'INPUT', 'target_name': 'sfc_data.tile2.nc', 'copy_method': 'copy'}, {'source_location': 'some/url/20160801.000000', 'source_name': '20160801.000000.sfc_data.tile3.nc', 'target_location': 'INPUT', 'target_name': 'sfc_data.tile3.nc', 'copy_method': 'copy'}, {'source_location': 'some/url/20160801.000000', 'source_name': '20160801.000000.sfc_data.tile4.nc', 'target_location': 'INPUT', 'target_name': 'sfc_data.tile4.nc', 'copy_method': 'copy'}, {'source_location': 'some/url/20160801.000000', 'source_name': '20160801.000000.sfc_data.tile5.nc', 'target_location': 'INPUT', 'target_name': 'sfc_data.tile5.nc', 'copy_method': 'copy'}, {'source_location': 'some/url/20160801.000000', 'source_name': '20160801.000000.sfc_data.tile6.nc', 'target_location': 'INPUT', 'target_name': 'sfc_data.tile6.nc', 'copy_method': 'copy'}, {'source_location': 'some/url/20160801.000000', 'source_name': '20160801.000000.fv_tracer.res.tile1.nc', 'target_location': 'INPUT', 'target_name': 'fv_tracer.res.tile1.nc', 'copy_method': 'copy'}, {'source_location': 'some/url/20160801.000000', 'source_name': '20160801.000000.fv_tracer.res.tile2.nc', 'target_location': 'INPUT', 'target_name': 'fv_tracer.res.tile2.nc', 'copy_method': 'copy'}, {'source_location': 'some/url/20160801.000000', 'source_name': '20160801.000000.fv_tracer.res.tile3.nc', 'target_location': 'INPUT', 'target_name': 'fv_tracer.res.tile3.nc', 'copy_method': 'copy'}, {'source_location': 'some/url/20160801.000000', 'source_name': '20160801.000000.fv_tracer.res.tile4.nc', 'target_location': 'INPUT', 'target_name': 'fv_tracer.res.tile4.nc', 'copy_method': 'copy'}, {'source_location': 'some/url/20160801.000000', 'source_name': '20160801.000000.fv_tracer.res.tile5.nc', 'target_location': 'INPUT', 'target_name': 'fv_tracer.res.tile5.nc', 'copy_method': 'copy'}, {'source_location': 'some/url/20160801.000000', 'source_name': '20160801.000000.fv_tracer.res.tile6.nc', 'target_location': 'INPUT', 'target_name': 'fv_tracer.res.tile6.nc', 'copy_method': 'copy'}, {'source_location': 'some/url/20160801.000000', 'source_name': '20160801.000000.fv_srf_wnd.res.tile1.nc', 'target_location': 'INPUT', 'target_name': 'fv_srf_wnd.res.tile1.nc', 'copy_method': 'copy'}, {'source_location': 'some/url/20160801.000000', 'source_name': '20160801.000000.fv_srf_wnd.res.tile2.nc', 'target_location': 'INPUT', 'target_name': 'fv_srf_wnd.res.tile2.nc', 'copy_method': 'copy'}, {'source_location': 'some/url/20160801.000000', 'source_name': '20160801.000000.fv_srf_wnd.res.tile3.nc', 'target_location': 'INPUT', 'target_name': 'fv_srf_wnd.res.tile3.nc', 'copy_method': 'copy'}, {'source_location': 'some/url/20160801.000000', 'source_name': '20160801.000000.fv_srf_wnd.res.tile4.nc', 'target_location': 'INPUT', 'target_name': 'fv_srf_wnd.res.tile4.nc', 'copy_method': 'copy'}, {'source_location': 'some/url/20160801.000000', 'source_name': '20160801.000000.fv_srf_wnd.res.tile5.nc', 'target_location': 'INPUT', 'target_name': 'fv_srf_wnd.res.tile5.nc', 'copy_method': 'copy'}, {'source_location': 'some/url/20160801.000000', 'source_name': '20160801.000000.fv_srf_wnd.res.tile6.nc', 'target_location': 'INPUT', 'target_name': 'fv_srf_wnd.res.tile6.nc', 'copy_method': 'copy'}, {'source_location': 'gs://vcm-fv3config/data/initial_conditions/fv_core_79_levels/v1.0/', 'source_name': 'fv_core.res.nc', 'target_location': 'INPUT', 'target_name': 'fv_core.res.nc', 'copy_method': 'copy'}], 'namelist': {'coupler_nml': {'current_date': [2016, 8, 1, 0, 0, 0], 'force_date_from_namelist': True}}}
