['column_skill/gscond/air_temperature', 'column_skill/gscond/cloud_water', 'column_skill/gscond/specific_humidity']
