['column_skill/precpd/air_temperature', 'column_skill/precpd/cloud_water', 'column_skill/precpd/specific_humidity']
