('var_in', '0776dcb2dea0f411ad2f407ab099233a')
('var_out', '0776dcb2dea0f411ad2f407ab099233a')
('var_out', '3a35ada1f1823abee2bf5c18f5ab3d34')
