('air_temperature', '7b32e49167f2a99def51bb0d7733e67b')
('dQ1', '20ffc97e55f5596a8b1660617fdf2556')
('dQ2', 'a4a21f03f8e01053cfd28025fefe1cde')
('pressure_thickness_of_atmospheric_layer', '2641737e6bd80967917eafa3340a7232')
('specific_humidity', 'a4a21f03f8e01053cfd28025fefe1cde')
('total_precipitation_rate', 'd17554236642810ffa9f1215dec61b1f')
('dQ1', '7bd29b14ef1ecfc56ad4e8a50cc017d2')
('dQ2', '9e8aa785fafce6e8b69319795428507f')
('total_precipitation_rate', '182b0cedb4238d6436049a687b1c40ef')
