('var_in', '98a134e67c4a2b9a2da5d9744988191f')
('var_out', '98a134e67c4a2b9a2da5d9744988191f')
('var_out', 'f92a68c6d69eb995dbf2375d3de9bc9f')
