('var_in_2d', '6916e6d354bd299e21bfadcbfb9d0cf3')
('var_in_3d', '164c4b6ee0fa0628c36ce8bb9a699edd')
('var_out', '164c4b6ee0fa0628c36ce8bb9a699edd')
('var_out', '43cfc6894e5b89864f71665fe80c6506')
