- 0.0
- 0.0013332913
- 0.0057971119
- 0.0086301388
- 0.010998076
- 0.013864432
- 0.01618447
- 0.017779049
- 0.019489769
- 0.021104272
- 0.022294542
