- 0.03731995293513358
- 0.026758736833690497
- 0.027577538504370926
- 0.029102524239509663
- 0.030288311884179863
- 0.03081742502678502
- 0.031726246151562346
- 0.03301636270521441
- 0.03425591463655066
- 0.03427543087258309
- 0.03532334937305238
- 0.03656020876106943
- 0.03721525153678533
