- 1.5616322e-05
- 0.0089859152
- 0.012523905
- 0.015763167
- 0.018557992
- 0.021034859
- 0.023018435
- 0.024811447
- 0.026281575
- 0.027636666
- 0.028598404
