- 3.6704224e-09
- 0.014170707
- 0.017197179
- 0.022734802
- 0.027565667
- 0.031077461
- 0.033644866
- 0.035140857
- 0.036491245
- 0.037541304
- 0.03822371
