[('one', 'a9aa230ec5c5bf71f92e77753b13023d'), ('two', '9a75cafb8e8600ef3aa16a87b7befc0c')]
