{'train': [(2, 3), (0, 1), (1, 2)], 'test': [(28, 29), (13, 14)]}
