- 0.016347647813872244
- 0.00021148023395310667
- 0.00021477086586411693
- 0.0002428483377069853
- 0.0002482604828811376
- 0.00024111312043663367
- 0.00022758007260593156
- 0.00027489926235536784
- 0.00027998757246220144
- 0.0003097937356922858
- 0.00033323236194360387
- 0.0003264499015903139
- 0.00032637955835862525
