- 2016-08-01 00:00:00
- 2016-08-01 01:00:00
- 2016-08-01 02:00:00
- 2016-08-01 03:00:00
- 2016-08-01 04:00:00
- 2016-08-01 05:00:00
- 2016-08-01 06:00:00
- 2016-08-01 07:00:00
- 2016-08-01 08:00:00
- 2016-08-01 09:00:00
- 2016-08-01 10:00:00
