- 0.03238814015853934
- 0.004481815854181946
- 0.004300905148409285
- 0.004668728750458328
- 0.004768460572350564
- 0.004681403410899853
- 0.00477752283286135
- 0.004962123287920807
- 0.005309846740986579
- 0.005736304306753124
- 0.006380966699730183
- 0.006871695300116512
- 0.007208637016658038
