- 0.05317150675877068
- 0.03213068144435123
- 0.042400663711102564
- 0.05076031969937331
- 0.05775636724030898
- 0.06245002797698143
- 0.06515629746639547
- 0.07017774506445028
- 0.07519859093378264
- 0.07508277212618232
- 0.07521249020833405
- 0.07908343473320352
- 0.08272940163566433
