Array hash:
9ec20a9830adbe3d9a424eeea58ebecc
Coordinate info:
Coordinate  x : [1]
xarray.Dataset {
dimensions:
	x = 1 ;

variables:
	int64 x(x) ;
	int64 a(x) ;
		a:hello = world ;

// global attributes:
}
