- 983.2386
- 983.2382
- 983.2372
- 983.2362
- 983.235
- 983.2339
- 983.2325
- 983.2313
- 983.23
- 983.2287
- 983.2277
