- 0.0384592
- 0.034418099
- 0.041058205
- 0.044413213
- 0.045572091
- 0.046119049
- 0.046743412
- 0.047636028
- 0.048338179
- 0.04871922
- 0.048893172
