- 27.45369
- 27.51812
- 27.564
- 27.59198
- 27.60608
- 27.60825
- 27.60315
- 27.59381
- 27.57987
- 27.56137
- 27.53864
