['air_temperature_after_gscond', 'air_temperature_after_precpd', 'cloud_precpd_difference', 'cloud_water_mixing_ratio_after_precpd', 'specific_humidity_after_gscond', 'specific_humidity_after_precpd', 'specific_humidity_precpd_only_difference', 'temperature_precpd_only_difference']
